=== libcamera soft IPA debug ===
2026-08-08T22:21:16+10:00
tuning file present: yes

== black level ==

== awb / gains ==
  [0:05:27.528493523] [7775]  INFO IPASoft soft_simple.cpp:258 IPASoft: Exposure 4-2016, gain 1-15.9922 (0.149922)
  [0:05:27.728073784] [7778] DEBUG IPASoftAwb awb.cpp:104 gain R/B: Vector { 1.46356, 1, 4.90319  }; temperature: 3139
  [0:05:27.850883565] [7778] DEBUG IPASoftAwb awb.cpp:104 gain R/B: Vector { 1.46319, 1, 4.89546  }; temperature: 3140
  [0:05:27.985156350] [7778] DEBUG IPASoftAwb awb.cpp:104 gain R/B: Vector { 1.46274, 1, 4.89516  }; temperature: 3139
  [0:05:28.118860589] [7778] DEBUG IPASoftAwb awb.cpp:104 gain R/B: Vector { 1.46283, 1, 4.89736  }; temperature: 3139
  [0:05:28.252349964] [7778] DEBUG IPASoftAwb awb.cpp:104 gain R/B: Vector { 1.46313, 1, 4.89507  }; temperature: 3140
  [0:05:28.385830766] [7778] DEBUG IPASoftAwb awb.cpp:104 gain R/B: Vector { 1.46292, 1, 4.89702  }; temperature: 3139
  [0:05:28.519590207] [7778] DEBUG IPASoftAwb awb.cpp:104 gain R/B: Vector { 1.46258, 1, 4.89664  }; temperature: 3139
  [0:05:28.653218792] [7778] DEBUG IPASoftAwb awb.cpp:104 gain R/B: Vector { 1.46252, 1, 4.8973  }; temperature: 3139
  [0:05:28.786729458] [7778] DEBUG IPASoftAwb awb.cpp:104 gain R/B: Vector { 1.46317, 1, 4.89802  }; temperature: 3139
  [0:05:28.920153362] [7778] DEBUG IPASoftAwb awb.cpp:104 gain R/B: Vector { 1.463, 1, 4.89876  }; temperature: 3139
  [0:05:29.053384176] [7778] DEBUG IPASoftAwb awb.cpp:104 gain R/B: Vector { 1.46251, 1, 4.89675  }; temperature: 3139
  [0:05:29.187285644] [7778] DEBUG IPASoftAwb awb.cpp:104 gain R/B: Vector { 1.46316, 1, 4.89851  }; temperature: 3139
  [0:05:29.320279893] [7778] DEBUG IPASoftAwb awb.cpp:104 gain R/B: Vector { 1.46303, 1, 4.89592  }; temperature: 3139
  [0:05:29.454319648] [7778] DEBUG IPASoftAwb awb.cpp:104 gain R/B: Vector { 1.46316, 1, 4.89709  }; temperature: 3139
  [0:05:29.587883691] [7778] DEBUG IPASoftAwb awb.cpp:104 gain R/B: Vector { 1.46248, 1, 4.89545  }; temperature: 3139
  [0:05:29.721183279] [7778] DEBUG IPASoftAwb awb.cpp:104 gain R/B: Vector { 1.46325, 1, 4.89882  }; temperature: 3139
  [0:05:29.855102208] [7778] DEBUG IPASoftAwb awb.cpp:104 gain R/B: Vector { 1.46234, 1, 4.89377  }; temperature: 3139
  [0:05:29.988490222] [7778] DEBUG IPASoftAwb awb.cpp:104 gain R/B: Vector { 1.46298, 1, 4.90073  }; temperature: 3139
  [0:05:30.121957432] [7778] DEBUG IPASoftAwb awb.cpp:104 gain R/B: Vector { 1.46287, 1, 4.89878  }; temperature: 3139

== agc / exposure (context) ==
  [0:05:27.528493523] [7775]  INFO IPASoft soft_simple.cpp:258 IPASoft: Exposure 4-2016, gain 1-15.9922 (0.149922)

== which log categories actually appeared ==

== any errors/warnings ==
  [0:05:27.526568112] [7775]  WARN CameraSensor camera_sensor_legacy.cpp:502 'ov5675 1-0036': No sensor delays found in static properties. Assuming unverified defaults.
