=== OV5678 patch 1/3 ALONE - 2026-08-16T15:41:36+10:00 - kernel 7.0.0-29-generic ===
  detected PHASE B  (upstream board data + patched sensor)

--- Phase B: does the HARDCODED upstream board data drive the camera? ---
  PASS  ov5675 is the patched one (2/3 present)
  PASS  ipu-bridge is the patched one (3/3 present)
  PASS  front sensor BOUND on upstream board data alone
  tps68470 gpiochip: gpiochip1
    gpiochip1 - 10 lines:
    	line   0:	"gpio.0"        	input
    	line   1:	"gpio.1"        	input
    	line   2:	"gpio.2"        	input
    	line   3:	"gpio.3"        	input
    	line   4:	"gpio.4"        	input
    	line   5:	"gpio.5"        	output active-low consumer="reset"
    	line   6:	"gpio.6"        	input
    	line   7:	"s_enable"      	output
    	line   8:	"s_idle"        	output
    	line   9:	"s_resetn"      	output
  PASS  reset resolved on tps68470 line 5 (the v2 GPIO_LOOKUP)
  PASS  int3472 module has NO parameters (upstream build, not the dev one)
  PASS  no modprobe.d parameter file in play

--- The patch does its job ---
  PASS  INT3472:07 is BOUND to int3472-tps68470
  PASS  no "No board-data found" in dmesg (the message Charles watched for)
  PASS  tps68470 GPIO chip registered

  regulator                 expected      actual        state
  CORE              1200000      1200000  disabled  ok
  ANA               2815200      2815200  disabled  ok
  VCM               2815200      2815200  disabled  ok
  VIO               1800600      1800600  ?         ok
  VSIO              1800600      1800600  enabled   ok
  AUX1              1213200      1213200  enabled   ok
  AUX2              1800600      1800600  enabled   ok
  PASS  all 7 rails registered
  PASS  all 7 voltages match the patch

--- VIO always-on (changed in v2; never tested on hardware before) ---
  VIO sysfs state : <empty or absent>
  VIO debugfs line:  VIO                              1    0      0 unknown  1800mV     0mA  1800mV  1800mV 
  PASS  VIO enabled with no consumer (always_on took effect)

--- Consumer supply mapping (needs debugfs) ---
   CORE                             0    0      0 unknown  1200mV     0mA  1200mV  1200mV 
   ANA                              0    0      0 unknown  2815mV     0mA  2815mV  2815mV 
   VCM                              0    0      0 unknown  2815mV     0mA  2815mV  2815mV 
   VIO                              1    0      0 unknown  1800mV     0mA  1800mV  1800mV 
   VSIO                             1    1      0 unknown  1800mV     0mA  1800mV  1800mV 
      i2c-OVTI5678:00-avdd          1                                 0mA     0mV     0mV
   AUX1                             1    1      0 unknown  1213mV     0mA  1213mV  1213mV 
      i2c-OVTI5678:00-dvdd          1                                 0mA     0mV     0mV
   AUX2                             1    1      0 unknown  1800mV     0mA  1800mV  1800mV 
      i2c-OVTI5678:00-dovdd         1                                 0mA     0mV     0mV

--- No secondary effects ---
  PASS  no int3472/tps68470 errors in dmesg
  rear sensor OVTI8856:00: unbound
  (unbound was also the state BEFORE this change - not a regression)

  int3472/tps68470 dmesg lines:
    [    4.347693] int3472-tps68470 i2c-INT3472:07: TPS68470 REVID: 0x21

=== 13 passed, 0 failed ===
